mitsawant@USMUMMITSA01 MINGW64 /
$ cd c:

mitsawant@USMUMMITSA01 MINGW64 /c
$ cd GIT_Assignments

mitsawant@USMUMMITSA01 MINGW64 /c/GIT_Assignments
$ cd Assignment1

mitsawant@USMUMMITSA01 MINGW64 /c/GIT_Assignments/Assignment1
$ touch emp.components.ts

mitsawant@USMUMMITSA01 MINGW64 /c/GIT_Assignments/Assignment1
$ touch emp.component.html

mitsawant@USMUMMITSA01 MINGW64 /c/GIT_Assignments/Assignment1
$ touch emp.component.css

mitsawant@USMUMMITSA01 MINGW64 /c/GIT_Assignments/Assignment1
$ git status
fatal: not a git repository (or any of the parent directories): .git

mitsawant@USMUMMITSA01 MINGW64 /c/GIT_Assignments/Assignment1
$ git init
Initialized empty Git repository in C:/GIT_Assignments/Assignment1/.git/

mitsawant@USMUMMITSA01 MINGW64 /c/GIT_Assignments/Assignment1 (main)
$ git status
On branch main

No commits yet

Untracked files:
  (use "git add <file>..." to include in what will be committed)
        emp.component.css
        emp.component.html
        emp.components.ts

nothing added to commit but untracked files present (use "git add" to track)

mitsawant@USMUMMITSA01 MINGW64 /c/GIT_Assignments/Assignment1 (main)
$ git add emp.component.ts
fatal: pathspec 'emp.component.ts' did not match any files

mitsawant@USMUMMITSA01 MINGW64 /c/GIT_Assignments/Assignment1 (main)
$ git add emp.components.ts

mitsawant@USMUMMITSA01 MINGW64 /c/GIT_Assignments/Assignment1 (main)
$ git add emp.component.html

mitsawant@USMUMMITSA01 MINGW64 /c/GIT_Assignments/Assignment1 (main)
$ git add emp.component.css

mitsawant@USMUMMITSA01 MINGW64 /c/GIT_Assignments/Assignment1 (main)
$ git status
On branch main

No commits yet

Changes to be committed:
  (use "git rm --cached <file>..." to unstage)
        new file:   emp.component.css
        new file:   emp.component.html
        new file:   emp.components.ts


mitsawant@USMUMMITSA01 MINGW64 /c/GIT_Assignments/Assignment1 (main)
$ git commit -m "files uploaded at 2.20PM"
[main (root-commit) 236f479] files uploaded at 2.20PM
 3 files changed, 0 insertions(+), 0 deletions(-)
 create mode 100644 emp.component.css
 create mode 100644 emp.component.html
 create mode 100644 emp.components.ts

mitsawant@USMUMMITSA01 MINGW64 /c/GIT_Assignments/Assignment1 (main)
$
